// Jest Snapshot v1, https://goo.gl/fbAQLP

exports[`#generatedSitemap renders all static .tsx pages 1`] = `Promise {}`;
